// Jest Snapshot v1, https://goo.gl/fbAQLP

exports[`calling render with the same component on the same container does not remount 1`] = `
.c0 {
  vertical-align: baseline;
}

.c0.fi-static-icon {
  display: inline-block;
}

.c0.fi-icon--cursor-pointer {
  cursor: pointer;
}

.c0.fi-icon--cursor-pointer * {
  cursor: inherit;
}

<div>
  <svg
    aria-label="Test label"
    class="c0 fi-icon fi-static-icon my-icon--test"
    data-testid="icon"
    height="1em"
    role="img"
    viewBox="0 0 80 80"
    width="1em"
    xmlns="http://www.w3.org/2000/svg"
  >
    <g
      fill="none"
      fill-rule="evenodd"
    >
      <path
        class="fi-icon-illustrative-base-fill"
        d="M41.407 65.905l1.693 3.872a30.112 30.112 0 004.19-.732l.266-4.212.639-.213c.469-.156.93-.324 1.386-.505l.626-.249 2.913 3.056a30.221 30.221 0 003.682-2.13l-1.191-4.051.527-.419c.384-.305.761-.619 1.127-.944l.505-.45 3.783 1.878a30.277 30.277 0 002.735-3.257l-2.503-3.397.354-.575c.258-.418.507-.841.741-1.276l.321-.592 4.196.468a29.812 29.812 0 001.456-3.991l-3.516-2.338.134-.66c.098-.479.18-.964.251-1.453l.097-.669 4.103-.994c.052-.728.078-1.429.078-2.127 0-.698-.026-1.399-.078-2.127l-4.103-.994-.097-.669a25.607 25.607 0 00-.251-1.453l-.134-.66 3.516-2.338a29.863 29.863 0 00-1.456-3.991l-4.196.468-.321-.592a24.782 24.782 0 00-.741-1.276l-.354-.575 2.503-3.397a30.277 30.277 0 00-2.735-3.257l-3.783 1.878-.505-.45a26.796 26.796 0 00-1.127-.944l-.527-.419 1.191-4.051a30.221 30.221 0 00-3.682-2.13l-2.913 3.056-.626-.249a25.966 25.966 0 00-1.386-.505l-.639-.213-.266-4.212a30.112 30.112 0 00-4.19-.732l-1.693 3.872-.871-.027a15.965 15.965 0 00-1.072 0l-.871.027-1.693-3.872a30.112 30.112 0 00-4.19.732l-.266 4.212-.639.213c-.469.156-.93.324-1.386.505l-.627.249-2.912-3.056a30.221 30.221 0 00-3.682 2.13l1.191 4.051-.527.419c-.385.305-.761.619-1.127.944l-.505.45-3.783-1.878a30.277 30.277 0 00-2.735 3.257l2.503 3.397-.354.575c-.258.418-.507.841-.741 1.276l-.321.592-4.197-.468a29.997 29.997 0 00-1.455 3.991l3.516 2.338-.134.66c-.098.479-.18.964-.251 1.453l-.097.669-4.103.994A29.693 29.693 0 0010 39.945c0 .698.026 1.399.078 2.127l4.103.994.097.669c.071.489.153.974.251 1.453l.134.66-3.516 2.338c.389 1.36.876 2.697 1.455 3.991l4.197-.468.321.592c.234.435.483.858.741 1.276l.354.575-2.503 3.397a30.277 30.277 0 002.735 3.257l3.783-1.878.505.45c.366.325.742.639 1.127.944l.527.419-1.191 4.051a30.221 30.221 0 003.682 2.13l2.912-3.056.627.249c.456.181.917.349 1.386.505l.639.213.266 4.212c1.368.34 2.773.587 4.19.732l1.693-3.872.871.027c.356.012.716.012 1.072 0l.871-.027zm.434 5.985l-1.725-3.946a4.486 4.486 0 01-.232 0l-1.725 3.946-.71-.055a31.961 31.961 0 01-5.957-1.043l-.688-.19-.272-4.306-.217-.08-2.977 3.125-.649-.297a32.011 32.011 0 01-5.234-3.029l-.58-.413 1.218-4.14a22.45 22.45 0 01-.174-.146l-3.868 1.92-.507-.501a32.195 32.195 0 01-3.888-4.63l-.406-.587 2.559-3.471-.118-.203-4.291.481-.306-.644a31.832 31.832 0 01-2.069-5.677l-.179-.69 3.597-2.391-.04-.23-4.191-1.016-.066-.711A32.5 32.5 0 018 39.945c0-.971.049-1.987.146-3.021l.066-.711 4.191-1.016.04-.23-3.597-2.391.179-.69a31.832 31.832 0 012.069-5.677l.306-.644 4.291.481.118-.203-2.559-3.471.406-.587a32.195 32.195 0 013.888-4.63l.507-.501 3.868 1.92.174-.146-1.218-4.14.58-.413a32.011 32.011 0 015.234-3.029l.649-.297 2.977 3.125.217-.08.272-4.306.688-.19a31.961 31.961 0 015.957-1.043l.71-.055 1.725 3.946c.077-.002.155-.002.232 0L41.841 8l.71.055c2.022.16 4.027.511 5.957 1.043l.688.19.272 4.306.217.08 2.977-3.125.649.297a32.011 32.011 0 015.234 3.029l.58.413-1.218 4.14.174.146 3.868-1.92.508.501a32.253 32.253 0 013.887 4.63l.406.587-2.559 3.471.118.203 4.291-.481.306.644a31.832 31.832 0 012.069 5.677l.179.69-3.597 2.391.04.23 4.191 1.016.066.711A32.5 32.5 0 0172 39.945a32.5 32.5 0 01-.146 3.021l-.066.711-4.191 1.016a18.44 18.44 0 00-.04.23l3.597 2.391-.179.69a31.832 31.832 0 01-2.069 5.677l-.306.644-4.291-.481-.118.203 2.559 3.471-.406.587a32.253 32.253 0 01-3.887 4.63l-.508.501-3.868-1.92a22.45 22.45 0 01-.174.146l1.218 4.14-.58.413a32.011 32.011 0 01-5.234 3.029l-.649.297-2.977-3.125-.217.08-.272 4.306-.688.19c-1.93.532-3.935.883-5.957 1.043l-.71.055z"
        fill="#A5ADB1"
      />
      <path
        class="fi-icon-illustrative-base-fill"
        d="M20 39.945h-2c0-12.131 9.869-22 22-22v2c-11.028 0-20 8.972-20 20M40 61.945v-2c11.028 0 20-8.972 20-20h2c0 12.131-9.869 22-22 22"
        fill="#A5ADB1"
      />
      <path
        class="fi-icon-illustrative-highlight-fill"
        d="M41.371 50.862l.361.472 1.521 2.221a13.999 13.999 0 002.114-.693l-.09-3.261.49-.302c.493-.305.947-.633 1.35-.976l.44-.374 3.067 1.092c.493-.572.934-1.171 1.317-1.792l-1.989-2.586.219-.533c.2-.486.366-1.006.508-1.589l.135-.561 3.133-.923c.036-.398.053-.761.053-1.112 0-.351-.017-.714-.053-1.112l-3.133-.923-.135-.561a10.945 10.945 0 00-.508-1.589l-.219-.533 1.989-2.586a14.033 14.033 0 00-1.317-1.792l-3.067 1.092-.44-.374a11.085 11.085 0 00-1.35-.976l-.49-.302.09-3.261c-.692-.289-1.4-.521-2.114-.693l-1.847 2.696-.574-.043a10.538 10.538 0 00-1.628-.003l-.575.043-.361-.472-1.521-2.221c-.714.172-1.422.404-2.114.693l.09 3.261-.49.302c-.493.305-.947.633-1.35.976l-.44.374-3.068-1.092a14.112 14.112 0 00-1.315 1.792l1.988 2.584-.219.533c-.201.49-.367 1.009-.507 1.59l-.136.561-3.133.924c-.036.398-.053.761-.053 1.112 0 .351.017.714.053 1.112l3.133.924.136.561c.14.581.306 1.1.507 1.59l.219.533-1.988 2.584c.383.621.823 1.22 1.315 1.792l3.068-1.092.44.374c.403.343.857.671 1.35.976l.49.302-.09 3.261c.692.289 1.4.521 2.114.693l1.847-2.696.574.043c.599.045 1.101.042 1.628.003l.575-.043zm-.967 2.072a8.375 8.375 0 01-.808 0l-1.948 2.844-.641-.122a15.89 15.89 0 01-3.82-1.249l-.59-.279.095-3.445a14.018 14.018 0 01-.65-.468L28.8 51.368l-.448-.476c-.94-1-1.738-2.089-2.371-3.238l-.316-.573 2.105-2.737a14.085 14.085 0 01-.244-.767l-3.306-.975-.081-.649A15.813 15.813 0 0124 39.945c0-.616.044-1.254.139-2.008l.081-.649 3.306-.975c.076-.264.157-.519.244-.767l-2.105-2.737.316-.573a16.053 16.053 0 012.371-3.238l.448-.476 3.242 1.153c.209-.16.426-.316.65-.468l-.095-3.445.59-.279a15.89 15.89 0 013.82-1.249l.641-.122 1.948 2.844a7.26 7.26 0 01.808 0l1.948-2.844.641.122c1.301.246 2.586.667 3.819 1.249l.591.279-.095 3.445c.224.152.441.308.65.468l3.242-1.153.448.476c.94 1 1.738 2.09 2.372 3.238l.315.573-2.106 2.737c.088.248.169.503.245.768l3.306.974.081.649c.095.754.139 1.392.139 2.008 0 .616-.044 1.254-.139 2.008l-.081.649-3.306.974c-.076.265-.157.52-.245.768l2.106 2.737-.315.573a16.124 16.124 0 01-2.372 3.238l-.448.476-3.242-1.153c-.209.16-.426.316-.65.468l.095 3.445-.591.279a15.868 15.868 0 01-3.819 1.249l-.641.122-1.948-2.844z"
        fill="#E97025"
      />
      <path
        class="fi-icon-illustrative-highlight-fill"
        d="M40 34.945c-2.757 0-5 2.243-5 5s2.243 5 5 5 5-2.243 5-5-2.243-5-5-5zm0 12c-3.86 0-7-3.141-7-7s3.14-7 7-7 7 3.141 7 7-3.14 7-7 7z"
        fill="#E97025"
      />
    </g>
  </svg>
  <svg
    aria-hidden="true"
    class="c0 fi-icon fi-static-icon"
    focusable="false"
    height="1em"
    viewBox="0 0 80 80"
    width="1em"
    xmlns="http://www.w3.org/2000/svg"
  >
    <g
      fill="none"
      fill-rule="evenodd"
    >
      <path
        class="fi-icon-illustrative-base-fill"
        d="M61 29c3.028 0 4 1.094 4 4.5 0 2.666-1.402 5.5-4 5.5s-4-2.834-4-5.5c0-3.406.972-4.5 4-4.5zm0 12c3.42 0 6-3.225 6-7.5 0-3.026-.682-6.5-6-6.5s-6 3.474-6 6.5c0 4.275 2.58 7.5 6 7.5z"
        fill="#A5ADB1"
      />
      <path
        class="fi-icon-illustrative-base-fill"
        d="M53.515 42.857l5-3-1.03-1.714-5 3 1.03 1.714M63 49h6c1.626 0 3-1.832 3-4v-2.58l-7.504-4.288-.992 1.736L70 43.58V45c0 1.224-.703 2-1 2h-6v2"
        fill="#A5ADB1"
      />
      <path
        class="fi-icon-illustrative-highlight-fill"
        d="M61 66h2v-9c0-8.01-4.446-9.7-9.152-11.488-1.743-.662-3.544-1.347-5.352-2.38l-.992 1.736c1.943 1.111 3.904 1.856 5.633 2.513C57.872 49.181 61 50.369 61 57v9M17 66h2v-9c0-6.631 3.128-7.819 7.863-9.619 1.729-.657 3.69-1.402 5.633-2.513l-.992-1.736c-1.808 1.033-3.609 1.718-5.352 2.38C21.446 47.3 17 48.99 17 57v9"
        fill="#E97025"
      />
      <path
        class="fi-icon-illustrative-highlight-fill"
        d="M40 44.882l-3.803 1.901-2.91-2.91 1.187-1.78 5.526.921 5.526-.921 1.187 1.78-2.91 2.91L40 44.882zm-4.197 4.335L40 47.118l4.197 2.099 5.09-5.09-2.813-4.22L40 40.986l-6.474-1.079-2.813 4.22 5.09 5.09z"
        fill="#E97025"
      />
      <path
        class="fi-icon-illustrative-highlight-fill"
        d="M36 41h-2v-4h2zM46 41h-2v-4h2z"
        fill="#E97025"
      />
      <path
        class="fi-icon-illustrative-base-fill"
        d="M41 56h-2v-2h2zM41 52h-2v-2h2z"
        fill="#A5ADB1"
      />
      <path
        class="fi-icon-illustrative-highlight-fill"
        d="M40 39c.132 0 3.261-.013 5.447-1.105l.108-.063c.137-.092 3.384-2.333 4.435-9.69L50 28v-4h-2v3.929c-.861 5.917-3.201 7.96-3.519 8.212-1.762.844-4.455.859-4.482.859-.025 0-2.717-.015-4.478-.858-.313-.25-2.661-2.305-3.521-8.213V24h-2l.01 4.142c1.051 7.357 4.298 9.598 4.435 9.69l.108.063C36.739 38.987 39.868 39 40 39M30 24h2c0-5.532 2.467-8 8-8 5.533 0 8 2.468 8 8h2c0-6.636-3.364-10-10-10s-10 3.364-10 10"
        fill="#E97025"
      />
      <path
        class="fi-icon-illustrative-highlight-fill"
        d="M34.955 27.096l10-4 3.598 1.799.894-1.79-4.402-2.201-10 4-3.598-1.799-.894 1.79 4.402 2.201M55 66h-2v-8h2zM27 66h-2v-8h2z"
        fill="#E97025"
      />
      <path
        class="fi-icon-illustrative-base-fill"
        d="M25 43.5l2-.5V27H8v2h17"
        fill="#A5ADB1"
      />
      <path
        class="fi-icon-illustrative-base-fill"
        d="M10 59H8V27h19v2H10v30"
        fill="#A5ADB1"
      />
      <path
        class="fi-icon-illustrative-base-fill"
        d="M22 35h-2v-2h2zM18 35h-2v-2h2zM14 35h-2v-2h2zM22 39h-2v-2h2zM18 39h-2v-2h2zM14 39h-2v-2h2zM22 43h-2v-2h2zM18 43h-2v-2h2zM14 43h-2v-2h2zM18 47h-2v-2h2zM14 47h-2v-2h2zM14 51h-2v-2h2zM14 55h-2v-2h2z"
        fill="#A5ADB1"
      />
      <path
        d="M0 0h80v80H0z"
      />
    </g>
  </svg>
</div>
`;
