// Jest Snapshot v1, https://goo.gl/fbAQLP

exports[`calling render with the same component on the same container does not remount 1`] = `
.c0 {
  display: inline-block;
  vertical-align: baseline;
}

.c0.fi-icon--cursor-pointer {
  cursor: pointer;
}

.c0.fi-icon--cursor-pointer * {
  cursor: inherit;
}

<div>
  <svg
    aria-label="Test label"
    class="c0 fi-icon fi-logo-icon my-icon--test"
    data-testid="icon"
    height="1em"
    role="img"
    viewBox="0 0 143 40"
    width="1em"
    xmlns="http://www.w3.org/2000/svg"
  >
    <g
      fill="none"
      fill-rule="evenodd"
    >
      <path
        d="M38 40H2c-1.1 0-2-.9-2-2V2C0 .9.9 0 2 0h36c1.1 0 2 .9 2 2v36c0 1.1-.9 2-2 2"
        fill="#003479"
      />
      <path
        d="M10 14.999V11.5c0-.825.675-1.501 1.5-1.501h3.499v5M10 20h4.999v9.997c0 .55-.451 1-1 1H11c-.55 0-1-.45-1-1M20 10h8.997c.55 0 1 .45 1 1v4H20M28.997 24.995H20v-5h9.997v4a1 1 0 01-1 1"
        fill="#FFF"
      />
      <path
        d="M60.405 31.22c-2.101 0-3.977-.504-5.405-1.26l.392-2.689c1.317.868 3.137 1.653 5.069 1.653 2.016 0 3.445-1.065 3.445-2.94 0-1.765-.785-2.493-3.697-3.809-3.641-1.653-5.013-2.857-5.013-5.629 0-3.109 2.38-5.097 5.88-5.097 1.877 0 3.278.448 4.397 1.092l-.42 2.632c-1.063-.812-2.52-1.428-4.06-1.428-2.212 0-3.192 1.176-3.192 2.604 0 1.485.728 2.185 3.668 3.53 3.752 1.708 5.04 2.996 5.04 5.908 0 3.333-2.491 5.433-6.104 5.433M71.688 17.638v9.102c0 1.372.588 2.296 2.044 2.296 1.317 0 2.661-.868 3.865-2.156v-9.242h2.492v13.358h-1.988l-.308-1.932c-1.26 1.177-2.856 2.213-4.733 2.213-2.548 0-3.865-1.513-3.865-3.921v-9.718h2.493zM88.824 19.43c-2.408 0-3.613 2.1-3.613 4.901 0 2.745 1.261 4.873 3.613 4.873 2.465 0 3.697-2.072 3.697-4.873 0-2.744-1.288-4.9-3.697-4.9m0 11.845c-3.557 0-6.133-2.549-6.133-6.945 0-4.397 2.576-6.973 6.133-6.973 3.584 0 6.217 2.576 6.217 6.973 0 4.396-2.633 6.945-6.217 6.945M114.11 30.996v-9.102c0-1.372-.504-2.296-1.96-2.296-1.316 0-2.576.868-3.781 2.157v9.241h-2.492v-9.102c0-1.372-.504-2.296-1.961-2.296-1.316 0-2.576.868-3.781 2.157v9.241h-2.492V17.638h1.988l.309 1.932c1.26-1.148 2.773-2.212 4.649-2.212 1.96 0 3.024.84 3.528 2.212 1.204-1.148 2.828-2.212 4.705-2.212 2.549 0 3.78 1.512 3.78 3.92v9.718h-2.492zM120.099 30.996h2.492V17.638h-2.492zM121.359 14.826c-.868 0-1.596-.7-1.596-1.568 0-.868.728-1.596 1.596-1.596.868 0 1.569.728 1.569 1.596 0 .868-.701 1.568-1.569 1.568zM136.984 13.873c-1.148 0-1.85.477-1.85 1.709v2.055h2.69l.307 2.101h-2.996v11.259h-2.436V19.738h-2.017v-2.1h2.017V15.33c0-2.66 1.764-3.668 4.145-3.668.392 0 .728.027 1.064.055l.364 2.268a7.305 7.305 0 00-1.288-.111M140.286 30.996h2.493V17.638h-2.493zM141.546 14.826c-.868 0-1.596-.7-1.596-1.568 0-.868.728-1.596 1.596-1.596.869 0 1.569.728 1.569 1.596 0 .868-.7 1.568-1.569 1.568zM127.379 30.995c-.87 0-1.596-.7-1.596-1.568 0-.869.727-1.596 1.596-1.596.868 0 1.568.727 1.568 1.596 0 .868-.7 1.568-1.568 1.568"
        fill="#003479"
      />
    </g>
  </svg>
  <svg
    aria-hidden="true"
    class="c0 fi-icon fi-logo-icon"
    focusable="false"
    height="1em"
    viewBox="0 0 90 96"
    width="1em"
    xmlns="http://www.w3.org/2000/svg"
  >
    <g
      fill="none"
      fill-rule="evenodd"
    >
      <path
        d="M70 0H19c-1.1 0-2 .9-2 2v51c0 1.1.9 2 2 2h51c1.1 0 2-.9 2-2V2c0-1.1-.9-2-2-2"
        fill="#003479"
      />
      <path
        d="M31 20v-5c0-1.1.9-2 2-2h5v7M31 27h7v14c0 .55-.45 1-1 1h-5c-.55 0-1-.45-1-1M45 13h13c.55 0 1 .45 1 1v6H45M58 34H45v-7h14v6a1 1 0 01-1 1"
        fill="#FFF"
      />
      <path
        d="M66.042 95.546h2.492V82.188h-2.492zM67.302 79.377c-.868 0-1.596-.7-1.596-1.568 0-.869.728-1.596 1.596-1.596.868 0 1.569.727 1.569 1.596 0 .868-.701 1.568-1.569 1.568zM82.926 78.424c-1.148 0-1.848.476-1.848 1.708v2.056h2.688l.308 2.101h-2.996v11.258h-2.437V84.29h-2.016v-2.1h2.016V79.88c0-2.66 1.764-3.669 4.145-3.669.392 0 .728.028 1.064.056l.364 2.268a7.305 7.305 0 00-1.288-.112M86.229 95.546h2.493V82.188h-2.493zM87.489 79.377c-.868 0-1.596-.7-1.596-1.568 0-.869.728-1.596 1.596-1.596.868 0 1.568.727 1.568 1.596 0 .868-.7 1.568-1.568 1.568zM73.322 95.546c-.87 0-1.597-.7-1.597-1.568 0-.87.728-1.596 1.597-1.596.868 0 1.568.727 1.568 1.596 0 .868-.7 1.568-1.568 1.568M6.348 95.771c-2.101 0-3.977-.504-5.405-1.26l.392-2.689c1.316.868 3.137 1.653 5.069 1.653 2.016 0 3.444-1.065 3.444-2.941 0-1.764-.784-2.492-3.697-3.808-3.64-1.653-5.012-2.857-5.012-5.629 0-3.109 2.38-5.097 5.88-5.097 1.877 0 3.278.448 4.397 1.092l-.42 2.632c-1.064-.812-2.52-1.428-4.06-1.428-2.213 0-3.193 1.176-3.193 2.604 0 1.485.729 2.185 3.669 3.529 3.752 1.709 5.04 2.997 5.04 5.909 0 3.333-2.491 5.433-6.104 5.433M17.63 82.189v9.102c0 1.371.589 2.296 2.045 2.296 1.317 0 2.66-.868 3.865-2.157v-9.242h2.492v13.358h-1.988l-.308-1.931c-1.261 1.177-2.856 2.213-4.733 2.213-2.548 0-3.865-1.514-3.865-3.922v-9.718h2.493zM34.767 83.981c-2.408 0-3.613 2.1-3.613 4.901 0 2.745 1.26 4.873 3.613 4.873 2.465 0 3.696-2.072 3.696-4.873 0-2.744-1.287-4.901-3.696-4.901m0 11.846c-3.557 0-6.133-2.549-6.133-6.945 0-4.397 2.576-6.973 6.133-6.973 3.584 0 6.217 2.576 6.217 6.973 0 4.396-2.633 6.945-6.217 6.945M60.053 95.547v-9.102c0-1.372-.504-2.296-1.96-2.296-1.317 0-2.577.868-3.781 2.157v9.24h-2.493v-9.101c0-1.372-.504-2.296-1.96-2.296-1.316 0-2.576.868-3.781 2.157v9.24h-2.492V82.19h1.988l.309 1.932c1.26-1.148 2.772-2.212 4.649-2.212 1.96 0 3.023.84 3.528 2.212 1.204-1.148 2.828-2.212 4.704-2.212 2.549 0 3.78 1.512 3.78 3.92v9.718h-2.491z"
        fill="#003479"
      />
    </g>
  </svg>
</div>
`;
