// Jest Snapshot v1, https://goo.gl/fbAQLP

exports[`calling render with the same component on the same container does not remount 1`] = `
.c0 {
  vertical-align: baseline;
}

.c0.fi-icon {
  display: inline-block;
}

.c0 .fi-icon-base-fill {
  fill: currentColor;
}

.c0 .fi-icon-base-stroke {
  stroke: currentColor;
}

.c0.fi-icon--cursor-pointer {
  cursor: pointer;
}

.c0.fi-icon--cursor-pointer * {
  cursor: inherit;
}

<div>
  <svg
    aria-label="Test label"
    class="fi-icon c0 my-icon--test"
    data-testid="icon"
    height="1em"
    role="img"
    viewBox="0 0 24 24"
    width="1em"
    xmlns="http://www.w3.org/2000/svg"
  >
    <path
      class="fi-icon-base-fill"
      d="M22.01 0c1.103 0 2 .897 2 2v20c0 1.103-.897 2-2 2H10c-1.103 0-2-.897-2-2v-5a1 1 0 012 0v5h12.01V2H10v5a1 1 0 01-2 0V2c0-1.103.897-2 2-2h12.01zm-9.717 7.293a.999.999 0 011.414 0l4 4a.999.999 0 01.216 1.089.999.999 0 01-.216.325l-4 4a.997.997 0 01-1.414 0 .999.999 0 010-1.414L14.586 13H1a1 1 0 010-2h13.586l-2.293-2.293a.999.999 0 010-1.414z"
      fill="#222"
      fill-rule="evenodd"
    />
  </svg>
  <svg
    aria-hidden="true"
    class="fi-icon c0"
    focusable="false"
    height="1em"
    viewBox="0 0 24 24"
    width="1em"
    xmlns="http://www.w3.org/2000/svg"
  >
    <path
      class="fi-icon-base-fill"
      d="M17.3 2c1.715 0 3.43.667 4.731 2.001 2.603 2.668 2.603 7.033 0 9.701l-8.608 8.822a1.992 1.992 0 01-1.432.604 1.99 1.99 0 01-1.43-.604l-8.609-8.822c-2.603-2.668-2.603-7.033 0-9.7A6.593 6.593 0 016.684 2c1.716 0 3.43.667 4.732 2.001l.574.588.575-.588a6.59 6.59 0 014.733-2zm0 2c-1.25 0-2.423.497-3.303 1.397l-.574.59-1.432 1.466-1.43-1.467-.575-.589A4.58 4.58 0 006.686 4c-1.25 0-2.423.497-3.303 1.398-1.857 1.904-1.857 5.003.001 6.907l8.607 8.823 8.61-8.823c1.857-1.904 1.857-5.003 0-6.907A4.58 4.58 0 0017.298 4z"
      fill="#222"
      fill-rule="evenodd"
    />
  </svg>
</div>
`;
