// Jest Snapshot v1, https://goo.gl/fbAQLP

exports[`children should match snapshot 1`] = `
.c2 {
  line-height: 1.15;
  -ms-text-size-adjust: 100%;
  -webkit-text-size-adjust: 100%;
  margin: 0;
  padding: 0;
  border: 0;
  box-sizing: border-box;
  font: 100% inherit;
  line-height: 1;
  text-align: left;
  -webkit-text-decoration: none;
  text-decoration: none;
  vertical-align: baseline;
  color: inherit;
  background: none;
  cursor: inherit;
  display: block;
  max-width: 100%;
  word-wrap: normal;
  word-break: normal;
  white-space: normal;
}

.c2::before,
.c2::after {
  box-sizing: border-box;
}

.c0 {
  line-height: 1.15;
  -ms-text-size-adjust: 100%;
  -webkit-text-size-adjust: 100%;
  margin: 0;
  padding: 0;
  border: 0;
  box-sizing: border-box;
  font: 100% inherit;
  line-height: 1;
  text-align: left;
  -webkit-text-decoration: none;
  text-decoration: none;
  vertical-align: baseline;
  color: inherit;
  background: none;
  cursor: inherit;
  display: block;
  max-width: 100%;
  word-wrap: normal;
  word-break: normal;
  white-space: normal;
}

.c0::before,
.c0::after {
  box-sizing: border-box;
}

.c1.fi-alert {
  color: hsl(0,0%,16%);
  -webkit-letter-spacing: 0;
  -moz-letter-spacing: 0;
  -ms-letter-spacing: 0;
  letter-spacing: 0;
  -webkit-text-decoration: none;
  text-decoration: none;
  word-break: break-word;
  overflow-wrap: break-word;
  -webkit-font-smoothing: antialiased;
  font-family: 'Source Sans Pro','Helvetica Neue','Arial',sans-serif;
  font-size: 16px;
  line-height: 1.5;
  font-weight: 400;
  width: 100%;
}

.c1.fi-alert .fi-alert_style-wrapper {
  display: -webkit-box;
  display: -webkit-flex;
  display: -ms-flexbox;
  display: flex;
  -webkit-align-items: flex-start;
  -webkit-box-align: flex-start;
  -ms-flex-align: flex-start;
  align-items: flex-start;
}

.c1.fi-alert .fi-alert_icon {
  margin-left: 20px;
  margin-top: 16px;
  min-height: 24px;
  min-width: 24px;
  height: 24px;
  width: 24px;
}

.c1.fi-alert .fi-alert_text-content-wrapper {
  display: -webkit-box;
  display: -webkit-flex;
  display: -ms-flexbox;
  display: flex;
  -webkit-flex-direction: column;
  -ms-flex-direction: column;
  flex-direction: column;
  padding: 0 20px;
}

.c1.fi-alert .fi-alert_text-content-wrapper .fi-alert_content {
  vertical-align: middle;
  -webkit-letter-spacing: 0;
  -moz-letter-spacing: 0;
  -ms-letter-spacing: 0;
  letter-spacing: 0;
  -webkit-text-decoration: none;
  text-decoration: none;
  word-break: break-word;
  overflow-wrap: break-word;
  -webkit-font-smoothing: antialiased;
  font-family: 'Source Sans Pro','Helvetica Neue','Arial',sans-serif;
  font-size: 16px;
  line-height: 1.5;
  font-weight: 400;
}

.c1.fi-alert--neutral {
  background-color: hsl(196,77%,97%);
}

.c1.fi-alert--neutral .fi-icon .fi-icon-base-fill {
  fill: hsl(196,77%,44%);
}

.c1.fi-alert--error {
  background-color: hsl(0,59%,96%);
}

.c1.fi-alert--error .fi-icon .fi-icon-base-fill {
  fill: hsl(3,59%,48%);
}

.c1.fi-alert--warning {
  background-color: hsl(42,100%,94%);
}

.c1.fi-alert--warning .fi-icon .fi-icon-base-fill {
  fill: hsl(23,82%,53%);
}

.c1.fi-alert .fi-alert_label {
  -webkit-letter-spacing: 0;
  -moz-letter-spacing: 0;
  -ms-letter-spacing: 0;
  letter-spacing: 0;
  -webkit-text-decoration: none;
  text-decoration: none;
  word-break: break-word;
  overflow-wrap: break-word;
  -webkit-font-smoothing: antialiased;
  font-family: 'Source Sans Pro','Helvetica Neue','Arial',sans-serif;
  font-size: 18px;
  line-height: 1.5;
  font-weight: 600;
  margin-bottom: 5px;
}

.c1.fi-alert .fi-alert_text-content-wrapper {
  padding: 0 15px;
  margin: 15px 0;
}

.c1.fi-alert.fi-alert--inline {
  padding: 5px 0px 4px 0px;
}

.c1.fi-alert.fi-alert--inline.fi-alert--neutral {
  border-left: 4px solid hsl(196,77%,44%);
}

.c1.fi-alert.fi-alert--inline.fi-alert--neutral .fi-alert_text-content-wrapper {
  padding-left: 20px;
}

.c1.fi-alert.fi-alert--inline.fi-alert--error {
  border-left: 4px solid hsl(3,59%,48%);
}

.c1.fi-alert.fi-alert--inline.fi-alert--warning {
  border-left: 4px solid hsl(23,82%,53%);
}

.c1.fi-alert.fi-alert--inline.fi-alert--small-screen .fi-alert_icon {
  margin-left: 15px;
}

.c1.fi-alert.fi-alert--inline.fi-alert--small-screen .fi-alert_text-content-wrapper {
  padding: 0 10px 0 10px;
}

<div>
  <section
    class="c0 fi-alert fi-alert--inline c1 fi-alert--neutral"
  >
    <div
      class="c2 fi-alert_style-wrapper"
    >
      <div
        aria-live="assertive"
        class="c2 fi-alert_text-content-wrapper"
        id="3"
      >
        <div
          class="c2 fi-alert_content"
        >
          <div>
            Test alert
          </div>
        </div>
      </div>
    </div>
  </section>
</div>
`;
